// Jest Snapshot v1, https://goo.gl/fbAQLP

exports[`快照正确渲染 1`] = `
<View
  style={
    Object {
      "backgroundColor": "#FAFAFA",
      "flex": 1,
      "flexDirection": "column",
    }
  }
>
  <View
    style={
      Object {
        "alignItems": "center",
        "backgroundColor": "#FAFAFA",
        "borderBottomColor": "#DCDCDC",
        "borderBottomWidth": 0.5,
        "flexDirection": "row",
        "height": 64,
        "justifyContent": "space-between",
        "paddingTop": 15,
        "width": 750,
      }
    }
  >
    <View />
    <View>
      <Text
        accessible={true}
        allowFontScaling={true}
        ellipsizeMode="tail"
        style={
          Array [
            undefined,
            Object {
              "color": "#323232",
              "fontSize": 18,
            },
          ]
        }
      >
        应用中心
      </Text>
    </View>
    <View />
  </View>
  <View
    style={
      Object {
        "backgroundColor": "#dddddd",
      }
    }
  >
    <RCTScrollView
      horizontal={true}
      onMomentumScrollEnd={[Function]}
      pagingEnabled={true}
      showsHorizontalScrollIndicator={false}
    >
      <View>
        <Image
          source={1}
          style={
            Object {
              "flex": 1,
              "width": 750,
            }
          }
        />
      </View>
    </RCTScrollView>
  </View>
  <View
    style={
      Object {
        "backgroundColor": "#FAFAFA",
        "flexDirection": "row",
        "flexWrap": "wrap",
        "height": 250,
        "width": 750,
      }
    }
  >
    <View
      accessibilityComponentType={undefined}
      accessibilityLabel={undefined}
      accessibilityTraits={undefined}
      accessible={true}
      hitSlop={undefined}
      isTVSelectable={true}
      onLayout={undefined}
      onResponderGrant={[Function]}
      onResponderMove={[Function]}
      onResponderRelease={[Function]}
      onResponderTerminate={[Function]}
      onResponderTerminationRequest={[Function]}
      onStartShouldSetResponder={[Function]}
      style={
        Object {
          "height": 100,
          "marginLeft": 15,
          "marginTop": 15,
          "opacity": 1,
          "width": 352.5,
        }
      }
      testID={undefined}
      tvParallaxProperties={undefined}
    >
      <View
        style={
          Array [
            Object {
              "height": 44,
              "justifyContent": "center",
              "width": 70,
            },
            Object {
              "height": 100,
              "width": 352.5,
            },
          ]
        }
      >
        <Image
          source={1}
          style={
            Array [
              Object {
                "justifyContent": "center",
                "resizeMode": "stretch",
              },
              Object {
                "height": 100,
                "width": 352.5,
              },
            ]
          }
        >
          <Image
            source={1}
            style={
              Array [
                Object {
                  "alignSelf": "center",
                  "marginBottom": 2,
                  "resizeMode": "contain",
                },
              ]
            }
          />
          <View
            style={
              Object {
                "backgroundColor": "transparent",
                "height": 70,
                "position": "absolute",
                "width": 130,
              }
            }
          />
          <Text
            accessible={true}
            allowFontScaling={true}
            ellipsizeMode="tail"
            style={
              Array [
                Object {
                  "alignSelf": "center",
                  "fontSize": 12,
                  "marginTop": 10,
                },
              ]
            }
            textAlign="center"
          >
            我的外勤
          </Text>
        </Image>
      </View>
    </View>
    <View
      accessibilityComponentType={undefined}
      accessibilityLabel={undefined}
      accessibilityTraits={undefined}
      accessible={true}
      hitSlop={undefined}
      isTVSelectable={true}
      onLayout={undefined}
      onResponderGrant={[Function]}
      onResponderMove={[Function]}
      onResponderRelease={[Function]}
      onResponderTerminate={[Function]}
      onResponderTerminationRequest={[Function]}
      onStartShouldSetResponder={[Function]}
      style={
        Object {
          "height": 100,
          "marginLeft": 15,
          "marginTop": 15,
          "opacity": 1,
          "width": 352.5,
        }
      }
      testID={undefined}
      tvParallaxProperties={undefined}
    >
      <View
        style={
          Array [
            Object {
              "height": 44,
              "justifyContent": "center",
              "width": 70,
            },
            Object {
              "height": 100,
              "width": 352.5,
            },
          ]
        }
      >
        <Image
          source={1}
          style={
            Array [
              Object {
                "justifyContent": "center",
                "resizeMode": "stretch",
              },
              Object {
                "height": 100,
                "width": 352.5,
              },
            ]
          }
        >
          <Image
            source={1}
            style={
              Array [
                Object {
                  "alignSelf": "center",
                  "marginBottom": 2,
                  "resizeMode": "contain",
                },
              ]
            }
          />
          <View
            style={
              Object {
                "backgroundColor": "transparent",
                "height": 70,
                "position": "absolute",
                "width": 130,
              }
            }
          />
          <Text
            accessible={true}
            allowFontScaling={true}
            ellipsizeMode="tail"
            style={
              Array [
                Object {
                  "alignSelf": "center",
                  "fontSize": 12,
                  "marginTop": 10,
                },
              ]
            }
            textAlign="center"
          >
            CRM
          </Text>
        </Image>
      </View>
    </View>
    <View
      accessibilityComponentType={undefined}
      accessibilityLabel={undefined}
      accessibilityTraits={undefined}
      accessible={true}
      hitSlop={undefined}
      isTVSelectable={true}
      onLayout={undefined}
      onResponderGrant={[Function]}
      onResponderMove={[Function]}
      onResponderRelease={[Function]}
      onResponderTerminate={[Function]}
      onResponderTerminationRequest={[Function]}
      onStartShouldSetResponder={[Function]}
      style={
        Object {
          "height": 100,
          "marginLeft": 15,
          "marginTop": 15,
          "opacity": 1,
          "width": 352.5,
        }
      }
      testID={undefined}
      tvParallaxProperties={undefined}
    >
      <View
        style={
          Array [
            Object {
              "height": 44,
              "justifyContent": "center",
              "width": 70,
            },
            Object {
              "height": 100,
              "width": 352.5,
            },
          ]
        }
      >
        <Image
          source={1}
          style={
            Array [
              Object {
                "justifyContent": "center",
                "resizeMode": "stretch",
              },
              Object {
                "height": 100,
                "width": 352.5,
              },
            ]
          }
        >
          <Image
            source={1}
            style={
              Array [
                Object {
                  "alignSelf": "center",
                  "marginBottom": 2,
                  "resizeMode": "contain",
                },
              ]
            }
          />
          <View
            style={
              Object {
                "backgroundColor": "transparent",
                "height": 70,
                "position": "absolute",
                "width": 130,
              }
            }
          />
          <Text
            accessible={true}
            allowFontScaling={true}
            ellipsizeMode="tail"
            style={
              Array [
                Object {
                  "alignSelf": "center",
                  "fontSize": 12,
                  "marginTop": 10,
                },
              ]
            }
            textAlign="center"
          >
            工作统计
          </Text>
        </Image>
      </View>
    </View>
    <View
      accessibilityComponentType={undefined}
      accessibilityLabel={undefined}
      accessibilityTraits={undefined}
      accessible={true}
      hitSlop={undefined}
      isTVSelectable={true}
      onLayout={undefined}
      onResponderGrant={[Function]}
      onResponderMove={[Function]}
      onResponderRelease={[Function]}
      onResponderTerminate={[Function]}
      onResponderTerminationRequest={[Function]}
      onStartShouldSetResponder={[Function]}
      style={
        Object {
          "height": 100,
          "marginLeft": 15,
          "marginTop": 15,
          "opacity": 1,
          "width": 352.5,
        }
      }
      testID={undefined}
      tvParallaxProperties={undefined}
    >
      <View
        style={
          Array [
            Object {
              "height": 44,
              "justifyContent": "center",
              "width": 70,
            },
            Object {
              "height": 100,
              "width": 352.5,
            },
          ]
        }
      >
        <Image
          source={1}
          style={
            Array [
              Object {
                "justifyContent": "center",
                "resizeMode": "stretch",
              },
              Object {
                "height": 100,
                "width": 352.5,
              },
            ]
          }
        >
          <Image
            source={1}
            style={
              Array [
                Object {
                  "alignSelf": "center",
                  "marginBottom": 2,
                  "resizeMode": "contain",
                },
              ]
            }
          />
          <View
            style={
              Object {
                "backgroundColor": "transparent",
                "height": 70,
                "position": "absolute",
                "width": 130,
              }
            }
          />
          <Text
            accessible={true}
            allowFontScaling={true}
            ellipsizeMode="tail"
            style={
              Array [
                Object {
                  "alignSelf": "center",
                  "fontSize": 12,
                  "marginTop": 10,
                },
              ]
            }
            textAlign="center"
          >
            工作日志
          </Text>
        </Image>
      </View>
    </View>
  </View>
</View>
`;

exports[`快照正确渲染 2`] = `
<View
  style={
    Object {
      "backgroundColor": "#FAFAFA",
      "flex": 1,
      "flexDirection": "column",
    }
  }
>
  <View
    style={
      Object {
        "alignItems": "center",
        "backgroundColor": "#FAFAFA",
        "borderBottomColor": "#DCDCDC",
        "borderBottomWidth": 0.5,
        "flexDirection": "row",
        "height": 64,
        "justifyContent": "space-between",
        "paddingTop": 15,
        "width": 750,
      }
    }
  >
    <View />
    <View>
      <Text
        accessible={true}
        allowFontScaling={true}
        ellipsizeMode="tail"
        style={
          Array [
            undefined,
            Object {
              "color": "#323232",
              "fontSize": 18,
            },
          ]
        }
      >
        应用中心
      </Text>
    </View>
    <View />
  </View>
  <View
    style={
      Object {
        "backgroundColor": "#dddddd",
      }
    }
  >
    <RCTScrollView
      horizontal={true}
      onMomentumScrollEnd={[Function]}
      pagingEnabled={true}
      showsHorizontalScrollIndicator={false}
    >
      <View>
        <Image
          source={1}
          style={
            Object {
              "flex": 1,
              "width": 750,
            }
          }
        />
      </View>
    </RCTScrollView>
  </View>
  <View
    style={
      Object {
        "backgroundColor": "#FAFAFA",
        "flexDirection": "row",
        "flexWrap": "wrap",
        "height": 250,
        "width": 750,
      }
    }
  >
    <View
      accessibilityComponentType={undefined}
      accessibilityLabel={undefined}
      accessibilityTraits={undefined}
      accessible={true}
      hitSlop={undefined}
      isTVSelectable={true}
      onLayout={undefined}
      onResponderGrant={[Function]}
      onResponderMove={[Function]}
      onResponderRelease={[Function]}
      onResponderTerminate={[Function]}
      onResponderTerminationRequest={[Function]}
      onStartShouldSetResponder={[Function]}
      style={
        Object {
          "height": 100,
          "marginLeft": 15,
          "marginTop": 15,
          "opacity": 1,
          "width": 352.5,
        }
      }
      testID={undefined}
      tvParallaxProperties={undefined}
    >
      <View
        style={
          Array [
            Object {
              "height": 44,
              "justifyContent": "center",
              "width": 70,
            },
            Object {
              "height": 100,
              "width": 352.5,
            },
          ]
        }
      >
        <Image
          source={1}
          style={
            Array [
              Object {
                "justifyContent": "center",
                "resizeMode": "stretch",
              },
              Object {
                "height": 100,
                "width": 352.5,
              },
            ]
          }
        >
          <Image
            source={1}
            style={
              Array [
                Object {
                  "alignSelf": "center",
                  "marginBottom": 2,
                  "resizeMode": "contain",
                },
              ]
            }
          />
          <View
            style={
              Object {
                "backgroundColor": "transparent",
                "height": 70,
                "position": "absolute",
                "width": 130,
              }
            }
          />
          <Text
            accessible={true}
            allowFontScaling={true}
            ellipsizeMode="tail"
            style={
              Array [
                Object {
                  "alignSelf": "center",
                  "fontSize": 12,
                  "marginTop": 10,
                },
              ]
            }
            textAlign="center"
          >
            我的外勤
          </Text>
        </Image>
      </View>
    </View>
    <View
      accessibilityComponentType={undefined}
      accessibilityLabel={undefined}
      accessibilityTraits={undefined}
      accessible={true}
      hitSlop={undefined}
      isTVSelectable={true}
      onLayout={undefined}
      onResponderGrant={[Function]}
      onResponderMove={[Function]}
      onResponderRelease={[Function]}
      onResponderTerminate={[Function]}
      onResponderTerminationRequest={[Function]}
      onStartShouldSetResponder={[Function]}
      style={
        Object {
          "height": 100,
          "marginLeft": 15,
          "marginTop": 15,
          "opacity": 1,
          "width": 352.5,
        }
      }
      testID={undefined}
      tvParallaxProperties={undefined}
    >
      <View
        style={
          Array [
            Object {
              "height": 44,
              "justifyContent": "center",
              "width": 70,
            },
            Object {
              "height": 100,
              "width": 352.5,
            },
          ]
        }
      >
        <Image
          source={1}
          style={
            Array [
              Object {
                "justifyContent": "center",
                "resizeMode": "stretch",
              },
              Object {
                "height": 100,
                "width": 352.5,
              },
            ]
          }
        >
          <Image
            source={1}
            style={
              Array [
                Object {
                  "alignSelf": "center",
                  "marginBottom": 2,
                  "resizeMode": "contain",
                },
              ]
            }
          />
          <View
            style={
              Object {
                "backgroundColor": "transparent",
                "height": 70,
                "position": "absolute",
                "width": 130,
              }
            }
          />
          <Text
            accessible={true}
            allowFontScaling={true}
            ellipsizeMode="tail"
            style={
              Array [
                Object {
                  "alignSelf": "center",
                  "fontSize": 12,
                  "marginTop": 10,
                },
              ]
            }
            textAlign="center"
          >
            CRM
          </Text>
        </Image>
      </View>
    </View>
    <View
      accessibilityComponentType={undefined}
      accessibilityLabel={undefined}
      accessibilityTraits={undefined}
      accessible={true}
      hitSlop={undefined}
      isTVSelectable={true}
      onLayout={undefined}
      onResponderGrant={[Function]}
      onResponderMove={[Function]}
      onResponderRelease={[Function]}
      onResponderTerminate={[Function]}
      onResponderTerminationRequest={[Function]}
      onStartShouldSetResponder={[Function]}
      style={
        Object {
          "height": 100,
          "marginLeft": 15,
          "marginTop": 15,
          "opacity": 1,
          "width": 352.5,
        }
      }
      testID={undefined}
      tvParallaxProperties={undefined}
    >
      <View
        style={
          Array [
            Object {
              "height": 44,
              "justifyContent": "center",
              "width": 70,
            },
            Object {
              "height": 100,
              "width": 352.5,
            },
          ]
        }
      >
        <Image
          source={1}
          style={
            Array [
              Object {
                "justifyContent": "center",
                "resizeMode": "stretch",
              },
              Object {
                "height": 100,
                "width": 352.5,
              },
            ]
          }
        >
          <Image
            source={1}
            style={
              Array [
                Object {
                  "alignSelf": "center",
                  "marginBottom": 2,
                  "resizeMode": "contain",
                },
              ]
            }
          />
          <View
            style={
              Object {
                "backgroundColor": "transparent",
                "height": 70,
                "position": "absolute",
                "width": 130,
              }
            }
          />
          <Text
            accessible={true}
            allowFontScaling={true}
            ellipsizeMode="tail"
            style={
              Array [
                Object {
                  "alignSelf": "center",
                  "fontSize": 12,
                  "marginTop": 10,
                },
              ]
            }
            textAlign="center"
          >
            工作统计
          </Text>
        </Image>
      </View>
    </View>
    <View
      accessibilityComponentType={undefined}
      accessibilityLabel={undefined}
      accessibilityTraits={undefined}
      accessible={true}
      hitSlop={undefined}
      isTVSelectable={true}
      onLayout={undefined}
      onResponderGrant={[Function]}
      onResponderMove={[Function]}
      onResponderRelease={[Function]}
      onResponderTerminate={[Function]}
      onResponderTerminationRequest={[Function]}
      onStartShouldSetResponder={[Function]}
      style={
        Object {
          "height": 100,
          "marginLeft": 15,
          "marginTop": 15,
          "opacity": 1,
          "width": 352.5,
        }
      }
      testID={undefined}
      tvParallaxProperties={undefined}
    >
      <View
        style={
          Array [
            Object {
              "height": 44,
              "justifyContent": "center",
              "width": 70,
            },
            Object {
              "height": 100,
              "width": 352.5,
            },
          ]
        }
      >
        <Image
          source={1}
          style={
            Array [
              Object {
                "justifyContent": "center",
                "resizeMode": "stretch",
              },
              Object {
                "height": 100,
                "width": 352.5,
              },
            ]
          }
        >
          <Image
            source={1}
            style={
              Array [
                Object {
                  "alignSelf": "center",
                  "marginBottom": 2,
                  "resizeMode": "contain",
                },
              ]
            }
          />
          <View
            style={
              Object {
                "backgroundColor": "transparent",
                "height": 70,
                "position": "absolute",
                "width": 130,
              }
            }
          />
          <Text
            accessible={true}
            allowFontScaling={true}
            ellipsizeMode="tail"
            style={
              Array [
                Object {
                  "alignSelf": "center",
                  "fontSize": 12,
                  "marginTop": 10,
                },
              ]
            }
            textAlign="center"
          >
            工作日志
          </Text>
        </Image>
      </View>
    </View>
  </View>
</View>
`;
