// Jest Snapshot v1, https://goo.gl/fbAQLP

exports[`快照正确渲染 1`] = `
<View
  style={
    Object {
      "backgroundColor": "#FAFAFA",
      "flexDirection": "column",
      "height": 75,
      "marginTop": 18,
    }
  }
>
  <View
    style={
      Object {
        "borderBottomWidth": 1,
        "borderColor": "#FAFAFA",
        "borderRadius": 6,
        "borderWidth": 1,
        "flexDirection": "row",
        "height": 75,
        "marginLeft": 23.5,
        "marginRight": 15,
      }
    }
  >
    <Image
      source={1}
      style={
        Array [
          Object {
            "flexDirection": "row",
            "height": 75,
            "resizeMode": "stretch",
            "width": 707.5,
          },
        ]
      }
    >
      <View
        style={
          Object {
            "backgroundColor": "white",
            "flex": 1,
            "flexDirection": "column",
            "height": 65,
            "marginLeft": 10,
          }
        }
      >
        <Text
          accessible={true}
          allowFontScaling={true}
          ellipsizeMode="tail"
          numberOfLines={1}
          style={
            Array [
              Object {
                "color": "#323232",
                "fontSize": 15,
                "marginLeft": 20,
                "marginTop": 15,
              },
            ]
          }
          textAlign="left"
        />
        <Text
          accessible={true}
          allowFontScaling={true}
          ellipsizeMode="tail"
          numberOfLines={1}
          style={
            Array [
              Object {
                "color": "#969696",
                "fontSize": 14,
                "marginLeft": 20,
                "marginTop": 10,
              },
            ]
          }
          textAlign="left"
        />
      </View>
      <Text
        accessible={true}
        allowFontScaling={true}
        ellipsizeMode="tail"
        style={
          Array [
            Object {
              "backgroundColor": "white",
              "color": "#a2a1a6",
              "fontSize": 14,
              "marginBottom": 10,
              "marginLeft": 10,
              "marginRight": 15,
              "marginTop": 30,
            },
            Object {
              "color": "#323232",
              "marginRight": 20,
            },
          ]
        }
        textAlign="center"
      />
      <Text
        accessible={true}
        allowFontScaling={true}
        ellipsizeMode="tail"
        style={
          Array [
            Object {
              "backgroundColor": "white",
              "color": "#a2a1a6",
              "fontSize": 14,
              "marginBottom": 10,
              "marginLeft": 10,
              "marginRight": 15,
              "marginTop": 30,
            },
            Object {
              "color": "#a2a1a6",
            },
          ]
        }
        textAlign="right"
      />
    </Image>
  </View>
  <View
    style={
      Array [
        Object {
          "alignItems": "center",
          "borderRadius": 20,
          "height": 37,
          "justifyContent": "center",
          "marginLeft": 7,
          "marginTop": 18,
          "position": "absolute",
          "width": 37,
        },
        Object {
          "backgroundColor": undefined,
        },
      ]
    }
  >
    <Text
      accessible={true}
      allowFontScaling={true}
      ellipsizeMode="tail"
      style={
        Object {
          "backgroundColor": "transparent",
          "color": "white",
          "fontSize": 20,
          "fontWeight": "bold",
          "top": -0.5,
        }
      }
    />
  </View>
</View>
`;

exports[`快照正确渲染 2`] = `
<View
  style={
    Object {
      "backgroundColor": "#FAFAFA",
      "flexDirection": "column",
      "height": 75,
      "marginTop": 18,
    }
  }
>
  <View
    style={
      Object {
        "borderBottomWidth": 1,
        "borderColor": "#FAFAFA",
        "borderRadius": 6,
        "borderWidth": 1,
        "flexDirection": "row",
        "height": 75,
        "marginLeft": 23.5,
        "marginRight": 15,
      }
    }
  >
    <Image
      source={1}
      style={
        Array [
          Object {
            "flexDirection": "row",
            "height": 75,
            "resizeMode": "stretch",
            "width": 707.5,
          },
        ]
      }
    >
      <View
        style={
          Object {
            "backgroundColor": "white",
            "flex": 1,
            "flexDirection": "column",
            "height": 65,
            "marginLeft": 10,
          }
        }
      >
        <Text
          accessible={true}
          allowFontScaling={true}
          ellipsizeMode="tail"
          numberOfLines={1}
          style={
            Array [
              Object {
                "color": "#323232",
                "fontSize": 15,
                "marginLeft": 20,
                "marginTop": 15,
              },
            ]
          }
          textAlign="left"
        />
        <Text
          accessible={true}
          allowFontScaling={true}
          ellipsizeMode="tail"
          numberOfLines={1}
          style={
            Array [
              Object {
                "color": "#969696",
                "fontSize": 14,
                "marginLeft": 20,
                "marginTop": 10,
              },
            ]
          }
          textAlign="left"
        />
      </View>
      <Text
        accessible={true}
        allowFontScaling={true}
        ellipsizeMode="tail"
        style={
          Array [
            Object {
              "backgroundColor": "white",
              "color": "#a2a1a6",
              "fontSize": 14,
              "marginBottom": 10,
              "marginLeft": 10,
              "marginRight": 15,
              "marginTop": 30,
            },
            Object {
              "color": "#323232",
              "marginRight": 20,
            },
          ]
        }
        textAlign="center"
      />
      <Text
        accessible={true}
        allowFontScaling={true}
        ellipsizeMode="tail"
        style={
          Array [
            Object {
              "backgroundColor": "white",
              "color": "#a2a1a6",
              "fontSize": 14,
              "marginBottom": 10,
              "marginLeft": 10,
              "marginRight": 15,
              "marginTop": 30,
            },
            Object {
              "color": "#a2a1a6",
            },
          ]
        }
        textAlign="right"
      />
    </Image>
  </View>
  <View
    style={
      Array [
        Object {
          "alignItems": "center",
          "borderRadius": 20,
          "height": 37,
          "justifyContent": "center",
          "marginLeft": 7,
          "marginTop": 18,
          "position": "absolute",
          "width": 37,
        },
        Object {
          "backgroundColor": undefined,
        },
      ]
    }
  >
    <Text
      accessible={true}
      allowFontScaling={true}
      ellipsizeMode="tail"
      style={
        Object {
          "backgroundColor": "transparent",
          "color": "white",
          "fontSize": 20,
          "fontWeight": "bold",
          "top": -0.5,
        }
      }
    />
  </View>
</View>
`;
